// Vitest Snapshot v1, https://vitest.dev/guide/snapshot.html

exports[`[COMPONENTS]: CarouselNavigationArrows component testing > renders correctly with default props 1`] = `
<body>
  <div>
    <button
      class="MuiButtonBase-root MuiIconButton-root MuiIconButton-sizeMedium css-78trlr-MuiButtonBase-root-MuiIconButton-root"
      data-testid="leftButton"
      tabindex="0"
      type="button"
    >
      <svg
        class="tabler-icon tabler-icon-chevron-left "
        fill="none"
        height="24"
        stroke="currentColor"
        stroke-linecap="round"
        stroke-linejoin="round"
        stroke-width="2"
        viewBox="0 0 24 24"
        width="24"
        xmlns="http://www.w3.org/2000/svg"
      >
        <path
          d="M15 6l-6 6l6 6"
        />
      </svg>
      <span
        class="MuiTouchRipple-root css-8je8zh-MuiTouchRipple-root"
      />
    </button>
    <button
      class="MuiButtonBase-root MuiIconButton-root MuiIconButton-sizeMedium css-78trlr-MuiButtonBase-root-MuiIconButton-root"
      data-testid="rightButton"
      tabindex="0"
      type="button"
    >
      <svg
        class="tabler-icon tabler-icon-chevron-right "
        fill="none"
        height="24"
        stroke="currentColor"
        stroke-linecap="round"
        stroke-linejoin="round"
        stroke-width="2"
        viewBox="0 0 24 24"
        width="24"
        xmlns="http://www.w3.org/2000/svg"
      >
        <path
          d="M9 6l6 6l-6 6"
        />
      </svg>
      <span
        class="MuiTouchRipple-root css-8je8zh-MuiTouchRipple-root"
      />
    </button>
  </div>
</body>
`;
