// Vitest Snapshot v1, https://vitest.dev/guide/snapshot.html

exports[`[UTILS]: Warnings > WARNING_MESSAGES > should match the snapshot of all warning messages 1`] = `
{
  "BUNDLER_UNAVAILABLE": "Session expired. Please login again.",
  "INVALID_DEPOSIT_AMOUNT": "Invalid deposit amount.",
  "INVALID_WALLET_ADDRESS": "Invalid wallet address.",
  "INVALID_WITHDRAW_AMOUNT": "Invalid withdraw amount.",
  "NO_WALLET_AUTHORIZATION": "No wallet authorization received.",
  "NO_WALLET_CONNECTED": "No wallet connected.",
}
`;
