// Vitest Snapshot v1, https://vitest.dev/guide/snapshot.html

exports[` Testing in the <explore-bookmarks/> component  >  should match snapshot  1`] = `
<div>
  <div
    class="MuiPaper-root MuiPaper-elevation MuiPaper-rounded MuiPaper-elevation1 MuiCard-root css-bhp9pd-MuiPaper-root-MuiCard-root"
  >
    <div
      class="MuiCardHeader-root css-1pkklwm-MuiCardHeader-root"
    >
      <div
        class="MuiCardHeader-content css-1qbkelo-MuiCardHeader-content"
      >
        <span
          class="MuiTypography-root MuiTypography-h5 MuiCardHeader-title css-1qvr50w-MuiTypography-root"
        >
          Bookmarks
        </span>
      </div>
      <div
        class="MuiCardHeader-action css-sgoict-MuiCardHeader-action"
      >
        <button
          class="MuiButtonBase-root MuiIconButton-root MuiIconButton-sizeMedium css-78trlr-MuiButtonBase-root-MuiIconButton-root"
          data-testid="leftButton"
          tabindex="0"
          type="button"
        >
          <svg
            class="tabler-icon tabler-icon-chevron-left "
            fill="none"
            height="24"
            stroke="currentColor"
            stroke-linecap="round"
            stroke-linejoin="round"
            stroke-width="2"
            viewBox="0 0 24 24"
            width="24"
            xmlns="http://www.w3.org/2000/svg"
          >
            <path
              d="M15 6l-6 6l6 6"
            />
          </svg>
          <span
            class="MuiTouchRipple-root css-8je8zh-MuiTouchRipple-root"
          />
        </button>
        <button
          class="MuiButtonBase-root MuiIconButton-root MuiIconButton-sizeMedium css-78trlr-MuiButtonBase-root-MuiIconButton-root"
          data-testid="rightButton"
          tabindex="0"
          type="button"
        >
          <svg
            class="tabler-icon tabler-icon-chevron-right "
            fill="none"
            height="24"
            stroke="currentColor"
            stroke-linecap="round"
            stroke-linejoin="round"
            stroke-width="2"
            viewBox="0 0 24 24"
            width="24"
            xmlns="http://www.w3.org/2000/svg"
          >
            <path
              d="M9 6l6 6l-6 6"
            />
          </svg>
          <span
            class="MuiTouchRipple-root css-8je8zh-MuiTouchRipple-root"
          />
        </button>
      </div>
    </div>
    <div
      class="MuiCardContent-root css-fd8ij7-MuiCardContent-root"
    >
      <div
        class="MuiBox-root css-1v61vtn"
      >
        <div
          class="slick-slider slick-initialized"
        >
          <div
            class="slick-list"
            style="height: 0px;"
          >
            <div
              class="slick-track"
              style="opacity: 1; transform: translate3d(0px, 0px, 0px);"
            >
              <div
                aria-hidden="false"
                class="slick-slide slick-active slick-current"
                data-index="0"
                style="outline: none; width: 0px;"
                tabindex="-1"
              >
                <div>
                  <div
                    class="MuiBox-root css-0"
                  >
                    <div
                      class="MuiBox-root css-k008qs"
                    >
                      <div
                        class="MuiBox-root css-rmtq2p"
                      >
                        <div
                          class="MuiPaper-root MuiPaper-elevation MuiPaper-rounded MuiPaper-elevation1 css-11rpxa7-MuiPaper-root"
                        >
                          <span
                            class="component-image MuiBox-root css-1jl2tef"
                            style="border-radius: 10px;"
                          >
                            <span
                              class="component-image-wrapper lazy-load-image-background blur"
                              style="background-image: url(/assets/placeholder.svg); background-size: 100% 100%; color: transparent; display: inline-block;"
                            >
                              <img
                                class="MuiBox-root css-19t2nho"
                                src=""
                              />
                            </span>
                          </span>
                          <div
                            class="MuiBox-root css-1ue9rvn"
                          >
                            <div
                              class="MuiBox-root css-1lekzkb"
                            >
                              <div
                                class="MuiStack-root css-1nnjrde-MuiStack-root"
                              >
                                <svg
                                  class="tabler-icon tabler-icon-heart-filled "
                                  fill="#F2F3F5"
                                  height="16"
                                  stroke="none"
                                  style="margin-bottom: 2px;"
                                  viewBox="0 0 24 24"
                                  width="16"
                                  xmlns="http://www.w3.org/2000/svg"
                                >
                                  <path
                                    d="M6.979 3.074a6 6 0 0 1 4.988 1.425l.037 .033l.034 -.03a6 6 0 0 1 4.733 -1.44l.246 .036a6 6 0 0 1 3.364 10.008l-.18 .185l-.048 .041l-7.45 7.379a1 1 0 0 1 -1.313 .082l-.094 -.082l-7.493 -7.422a6 6 0 0 1 3.176 -10.215z"
                                  />
                                </svg>
                                <p
                                  class="MuiTypography-root MuiTypography-body2 css-1571v2w-MuiTypography-root"
                                >
                                  100
                                </p>
                              </div>
                            </div>
                          </div>
                          <div
                            class="MuiCardContent-root css-gbn0xv-MuiCardContent-root"
                          >
                            <h6
                              class="MuiTypography-root MuiTypography-h6 MuiTypography-noWrap css-z9ruai-MuiTypography-root"
                            />
                            <div
                              class="MuiStack-root css-kdc3n8-MuiStack-root"
                            >
                              <p
                                class="MuiTypography-root MuiTypography-body2 css-c2tnzq-MuiTypography-root"
                              >
                                Bookmark 1 description
                              </p>
                              <p
                                class="MuiTypography-root MuiTypography-body2 MuiTypography-noWrap css-176gd80-MuiTypography-root"
                              />
                            </div>
                          </div>
                        </div>
                      </div>
                    </div>
                    <div
                      class="MuiBox-root css-k008qs"
                    >
                      <div
                        class="MuiBox-root css-rmtq2p"
                      >
                        <div
                          class="MuiPaper-root MuiPaper-elevation MuiPaper-rounded MuiPaper-elevation1 css-11rpxa7-MuiPaper-root"
                        >
                          <span
                            class="component-image MuiBox-root css-1jl2tef"
                            style="border-radius: 10px;"
                          >
                            <span
                              class="component-image-wrapper lazy-load-image-background blur"
                              style="background-image: url(/assets/placeholder.svg); background-size: 100% 100%; color: transparent; display: inline-block;"
                            >
                              <img
                                class="MuiBox-root css-19t2nho"
                                src=""
                              />
                            </span>
                          </span>
                          <div
                            class="MuiBox-root css-1ue9rvn"
                          >
                            <div
                              class="MuiBox-root css-1lekzkb"
                            >
                              <div
                                class="MuiStack-root css-1nnjrde-MuiStack-root"
                              >
                                <svg
                                  class="tabler-icon tabler-icon-heart-filled "
                                  fill="#F2F3F5"
                                  height="16"
                                  stroke="none"
                                  style="margin-bottom: 2px;"
                                  viewBox="0 0 24 24"
                                  width="16"
                                  xmlns="http://www.w3.org/2000/svg"
                                >
                                  <path
                                    d="M6.979 3.074a6 6 0 0 1 4.988 1.425l.037 .033l.034 -.03a6 6 0 0 1 4.733 -1.44l.246 .036a6 6 0 0 1 3.364 10.008l-.18 .185l-.048 .041l-7.45 7.379a1 1 0 0 1 -1.313 .082l-.094 -.082l-7.493 -7.422a6 6 0 0 1 3.176 -10.215z"
                                  />
                                </svg>
                                <p
                                  class="MuiTypography-root MuiTypography-body2 css-1571v2w-MuiTypography-root"
                                >
                                  200
                                </p>
                              </div>
                            </div>
                          </div>
                          <div
                            class="MuiCardContent-root css-gbn0xv-MuiCardContent-root"
                          >
                            <h6
                              class="MuiTypography-root MuiTypography-h6 MuiTypography-noWrap css-z9ruai-MuiTypography-root"
                            />
                            <div
                              class="MuiStack-root css-kdc3n8-MuiStack-root"
                            >
                              <p
                                class="MuiTypography-root MuiTypography-body2 css-c2tnzq-MuiTypography-root"
                              >
                                Bookmark 2 description
                              </p>
                              <p
                                class="MuiTypography-root MuiTypography-body2 MuiTypography-noWrap css-176gd80-MuiTypography-root"
                              />
                            </div>
                          </div>
                        </div>
                      </div>
                    </div>
                  </div>
                </div>
              </div>
            </div>
          </div>
        </div>
      </div>
    </div>
  </div>
</div>
`;

exports[`Testing in the <ExploreBookmarks/> component > should match snapshot 1`] = `
<div>
  <div
    class="MuiPaper-root MuiPaper-elevation MuiPaper-rounded MuiPaper-elevation1 MuiCard-root css-bhp9pd-MuiPaper-root-MuiCard-root"
  >
    <div
      class="MuiCardHeader-root css-1pkklwm-MuiCardHeader-root"
    >
      <div
        class="MuiCardHeader-content css-1qbkelo-MuiCardHeader-content"
      >
        <span
          class="MuiTypography-root MuiTypography-h5 MuiCardHeader-title css-1qvr50w-MuiTypography-root"
        >
          Bookmarks
        </span>
      </div>
      <div
        class="MuiCardHeader-action css-sgoict-MuiCardHeader-action"
      >
        <button
          class="MuiButtonBase-root MuiIconButton-root MuiIconButton-sizeMedium css-78trlr-MuiButtonBase-root-MuiIconButton-root"
          data-testid="leftButton"
          tabindex="0"
          type="button"
        >
          <svg
            class="tabler-icon tabler-icon-chevron-left "
            fill="none"
            height="24"
            stroke="currentColor"
            stroke-linecap="round"
            stroke-linejoin="round"
            stroke-width="2"
            viewBox="0 0 24 24"
            width="24"
            xmlns="http://www.w3.org/2000/svg"
          >
            <path
              d="M15 6l-6 6l6 6"
            />
          </svg>
          <span
            class="MuiTouchRipple-root css-8je8zh-MuiTouchRipple-root"
          />
        </button>
        <button
          class="MuiButtonBase-root MuiIconButton-root MuiIconButton-sizeMedium css-78trlr-MuiButtonBase-root-MuiIconButton-root"
          data-testid="rightButton"
          tabindex="0"
          type="button"
        >
          <svg
            class="tabler-icon tabler-icon-chevron-right "
            fill="none"
            height="24"
            stroke="currentColor"
            stroke-linecap="round"
            stroke-linejoin="round"
            stroke-width="2"
            viewBox="0 0 24 24"
            width="24"
            xmlns="http://www.w3.org/2000/svg"
          >
            <path
              d="M9 6l6 6l-6 6"
            />
          </svg>
          <span
            class="MuiTouchRipple-root css-8je8zh-MuiTouchRipple-root"
          />
        </button>
      </div>
    </div>
    <div
      class="MuiCardContent-root css-fd8ij7-MuiCardContent-root"
    >
      <div
        class="MuiBox-root css-1v61vtn"
      >
        <div
          class="slick-slider slick-initialized"
        >
          <div
            class="slick-list"
            style="height: 0px;"
          >
            <div
              class="slick-track"
              style="opacity: 1; transform: translate3d(0px, 0px, 0px);"
            >
              <div
                aria-hidden="false"
                class="slick-slide slick-active slick-current"
                data-index="0"
                style="outline: none; width: 0px;"
                tabindex="-1"
              >
                <div>
                  <div
                    class="MuiBox-root css-0"
                  >
                    <div
                      class="MuiBox-root css-k008qs"
                    >
                      <div
                        class="MuiBox-root css-rmtq2p"
                      >
                        <div
                          class="MuiPaper-root MuiPaper-elevation MuiPaper-rounded MuiPaper-elevation1 css-11rpxa7-MuiPaper-root"
                        >
                          <span
                            class="component-image MuiBox-root css-1jl2tef"
                            style="border-radius: 10px;"
                          >
                            <span
                              class="component-image-wrapper lazy-load-image-background blur"
                              style="background-image: url(/assets/placeholder.svg); background-size: 100% 100%; color: transparent; display: inline-block;"
                            >
                              <img
                                class="MuiBox-root css-19t2nho"
                                src=""
                              />
                            </span>
                          </span>
                          <div
                            class="MuiBox-root css-1ue9rvn"
                          >
                            <div
                              class="MuiBox-root css-1lekzkb"
                            >
                              <div
                                class="MuiStack-root css-1nnjrde-MuiStack-root"
                              >
                                <svg
                                  class="tabler-icon tabler-icon-heart-filled "
                                  fill="#F2F3F5"
                                  height="16"
                                  stroke="none"
                                  style="margin-bottom: 2px;"
                                  viewBox="0 0 24 24"
                                  width="16"
                                  xmlns="http://www.w3.org/2000/svg"
                                >
                                  <path
                                    d="M6.979 3.074a6 6 0 0 1 4.988 1.425l.037 .033l.034 -.03a6 6 0 0 1 4.733 -1.44l.246 .036a6 6 0 0 1 3.364 10.008l-.18 .185l-.048 .041l-7.45 7.379a1 1 0 0 1 -1.313 .082l-.094 -.082l-7.493 -7.422a6 6 0 0 1 3.176 -10.215z"
                                  />
                                </svg>
                                <p
                                  class="MuiTypography-root MuiTypography-body2 css-1571v2w-MuiTypography-root"
                                >
                                  100
                                </p>
                              </div>
                            </div>
                          </div>
                          <div
                            class="MuiCardContent-root css-gbn0xv-MuiCardContent-root"
                          >
                            <h6
                              class="MuiTypography-root MuiTypography-h6 MuiTypography-noWrap css-z9ruai-MuiTypography-root"
                            />
                            <div
                              class="MuiStack-root css-kdc3n8-MuiStack-root"
                            >
                              <p
                                class="MuiTypography-root MuiTypography-body2 css-c2tnzq-MuiTypography-root"
                              >
                                Bookmark 1 description
                              </p>
                              <p
                                class="MuiTypography-root MuiTypography-body2 MuiTypography-noWrap css-176gd80-MuiTypography-root"
                              />
                            </div>
                          </div>
                        </div>
                      </div>
                    </div>
                    <div
                      class="MuiBox-root css-k008qs"
                    >
                      <div
                        class="MuiBox-root css-rmtq2p"
                      >
                        <div
                          class="MuiPaper-root MuiPaper-elevation MuiPaper-rounded MuiPaper-elevation1 css-11rpxa7-MuiPaper-root"
                        >
                          <span
                            class="component-image MuiBox-root css-1jl2tef"
                            style="border-radius: 10px;"
                          >
                            <span
                              class="component-image-wrapper lazy-load-image-background blur"
                              style="background-image: url(/assets/placeholder.svg); background-size: 100% 100%; color: transparent; display: inline-block;"
                            >
                              <img
                                class="MuiBox-root css-19t2nho"
                                src=""
                              />
                            </span>
                          </span>
                          <div
                            class="MuiBox-root css-1ue9rvn"
                          >
                            <div
                              class="MuiBox-root css-1lekzkb"
                            >
                              <div
                                class="MuiStack-root css-1nnjrde-MuiStack-root"
                              >
                                <svg
                                  class="tabler-icon tabler-icon-heart-filled "
                                  fill="#F2F3F5"
                                  height="16"
                                  stroke="none"
                                  style="margin-bottom: 2px;"
                                  viewBox="0 0 24 24"
                                  width="16"
                                  xmlns="http://www.w3.org/2000/svg"
                                >
                                  <path
                                    d="M6.979 3.074a6 6 0 0 1 4.988 1.425l.037 .033l.034 -.03a6 6 0 0 1 4.733 -1.44l.246 .036a6 6 0 0 1 3.364 10.008l-.18 .185l-.048 .041l-7.45 7.379a1 1 0 0 1 -1.313 .082l-.094 -.082l-7.493 -7.422a6 6 0 0 1 3.176 -10.215z"
                                  />
                                </svg>
                                <p
                                  class="MuiTypography-root MuiTypography-body2 css-1571v2w-MuiTypography-root"
                                >
                                  200
                                </p>
                              </div>
                            </div>
                          </div>
                          <div
                            class="MuiCardContent-root css-gbn0xv-MuiCardContent-root"
                          >
                            <h6
                              class="MuiTypography-root MuiTypography-h6 MuiTypography-noWrap css-z9ruai-MuiTypography-root"
                            />
                            <div
                              class="MuiStack-root css-kdc3n8-MuiStack-root"
                            >
                              <p
                                class="MuiTypography-root MuiTypography-body2 css-c2tnzq-MuiTypography-root"
                              >
                                Bookmark 2 description
                              </p>
                              <p
                                class="MuiTypography-root MuiTypography-body2 MuiTypography-noWrap css-176gd80-MuiTypography-root"
                              />
                            </div>
                          </div>
                        </div>
                      </div>
                    </div>
                  </div>
                </div>
              </div>
            </div>
          </div>
        </div>
      </div>
    </div>
  </div>
</div>
`;
