// Vitest Snapshot v1, https://vitest.dev/guide/snapshot.html

exports[`Testing in the <ExplorePublications/> component > should match snapshot 1`] = `
<div>
  <div
    style="position: relative; width: 100%;"
  >
    <div
      style="position: static; inset: unset; width: 100%; pointer-events: none; opacity: 1;"
    >
      <div
        class="MuiPaper-root MuiPaper-elevation MuiPaper-rounded MuiPaper-elevation1 MuiCard-root css-19i2hl5-MuiPaper-root-MuiCard-root"
      >
        <div
          class="MuiCardHeader-root css-hl0h5w-MuiCardHeader-root"
        >
          <div
            class="MuiCardHeader-content css-1qbkelo-MuiCardHeader-content"
          >
            <span
              class="MuiTypography-root MuiTypography-h5 MuiCardHeader-title css-1qvr50w-MuiTypography-root"
            >
              Publications
            </span>
          </div>
        </div>
        <div
          class="MuiCardContent-root css-ceyv38-MuiCardContent-root"
        >
          <div
            class="MuiBox-root css-i6bazn"
          >
            <div
              class="MuiBox-root css-k008qs"
            >
              <div
                class="MuiBox-root css-rmtq2p"
                data-testid="skeleton-item"
              >
                <div
                  class="MuiBox-root css-168a3lq"
                >
                  <span
                    class="MuiSkeleton-root MuiSkeleton-rectangular MuiSkeleton-pulse css-6uim4l-MuiSkeleton-root"
                    role="progressbar"
                  />
                </div>
                <span
                  class="MuiSkeleton-root MuiSkeleton-text MuiSkeleton-pulse css-1ly8sje-MuiSkeleton-root"
                />
                <span
                  class="MuiSkeleton-root MuiSkeleton-text MuiSkeleton-pulse css-1yige66-MuiSkeleton-root"
                />
                <span
                  class="MuiSkeleton-root MuiSkeleton-text MuiSkeleton-pulse css-1yige66-MuiSkeleton-root"
                />
              </div>
            </div>
            <div
              class="MuiBox-root css-k008qs"
            >
              <div
                class="MuiBox-root css-rmtq2p"
                data-testid="skeleton-item"
              >
                <div
                  class="MuiBox-root css-168a3lq"
                >
                  <span
                    class="MuiSkeleton-root MuiSkeleton-rectangular MuiSkeleton-pulse css-6uim4l-MuiSkeleton-root"
                    role="progressbar"
                  />
                </div>
                <span
                  class="MuiSkeleton-root MuiSkeleton-text MuiSkeleton-pulse css-1ly8sje-MuiSkeleton-root"
                />
                <span
                  class="MuiSkeleton-root MuiSkeleton-text MuiSkeleton-pulse css-1yige66-MuiSkeleton-root"
                />
                <span
                  class="MuiSkeleton-root MuiSkeleton-text MuiSkeleton-pulse css-1yige66-MuiSkeleton-root"
                />
              </div>
            </div>
          </div>
        </div>
      </div>
    </div>
    <div
      style="width: 100%; opacity: 0;"
    >
      <div
        class="MuiPaper-root MuiPaper-elevation MuiPaper-rounded MuiPaper-elevation1 MuiCard-root css-bhp9pd-MuiPaper-root-MuiCard-root"
      >
        <div
          class="MuiCardHeader-root css-1pkklwm-MuiCardHeader-root"
        >
          <div
            class="MuiCardHeader-content css-1qbkelo-MuiCardHeader-content"
          >
            <span
              class="MuiTypography-root MuiTypography-h5 MuiCardHeader-title css-1qvr50w-MuiTypography-root"
            >
              Publications
            </span>
          </div>
          <div
            class="MuiCardHeader-action css-sgoict-MuiCardHeader-action"
          >
            <button
              class="MuiButtonBase-root MuiIconButton-root MuiIconButton-sizeMedium css-78trlr-MuiButtonBase-root-MuiIconButton-root"
              data-testid="leftButton"
              tabindex="0"
              type="button"
            >
              <svg
                class="tabler-icon tabler-icon-chevron-left "
                fill="none"
                height="24"
                stroke="currentColor"
                stroke-linecap="round"
                stroke-linejoin="round"
                stroke-width="2"
                viewBox="0 0 24 24"
                width="24"
                xmlns="http://www.w3.org/2000/svg"
              >
                <path
                  d="M15 6l-6 6l6 6"
                />
              </svg>
              <span
                class="MuiTouchRipple-root css-8je8zh-MuiTouchRipple-root"
              />
            </button>
            <button
              class="MuiButtonBase-root MuiIconButton-root MuiIconButton-sizeMedium css-78trlr-MuiButtonBase-root-MuiIconButton-root"
              data-testid="rightButton"
              tabindex="0"
              type="button"
            >
              <svg
                class="tabler-icon tabler-icon-chevron-right "
                fill="none"
                height="24"
                stroke="currentColor"
                stroke-linecap="round"
                stroke-linejoin="round"
                stroke-width="2"
                viewBox="0 0 24 24"
                width="24"
                xmlns="http://www.w3.org/2000/svg"
              >
                <path
                  d="M9 6l6 6l-6 6"
                />
              </svg>
              <span
                class="MuiTouchRipple-root css-8je8zh-MuiTouchRipple-root"
              />
            </button>
          </div>
        </div>
        <div
          class="MuiCardContent-root css-fd8ij7-MuiCardContent-root"
        >
          <div
            class="MuiBox-root css-1v61vtn"
          >
            <div
              class="slick-slider slick-initialized"
            >
              <div
                class="slick-list"
                style="height: 0px;"
              >
                <div
                  class="slick-track"
                  style="opacity: 1; transform: translate3d(0px, 0px, 0px);"
                />
              </div>
            </div>
          </div>
        </div>
      </div>
    </div>
  </div>
</div>
`;
