// Vitest Snapshot v1, https://vitest.dev/guide/snapshot.html

exports[`FinanceDepositFromSmartAccount > should render correctly and match snapshot 1`] = `
<div>
  <div
    data-testid="FinanceDeposit"
  >
    Mocked FinanceDeposit
  </div>
</div>
`;
