// Vitest Snapshot v1, https://vitest.dev/guide/snapshot.html

exports[`<COMPONENTS> FinanceMetamaskLoader > to match snapshot 1`] = `
<div>
  <div
    class="MuiBox-root css-1dm8t1i"
  >
    <div
      class="MuiBox-root css-tk1iyj"
      data-testid="finance-metamask-loader"
    >
      <span
        class="MuiLinearProgress-root MuiLinearProgress-colorInherit MuiLinearProgress-indeterminate css-yptbrg-MuiLinearProgress-root"
        role="progressbar"
      >
        <span
          class="MuiLinearProgress-bar MuiLinearProgress-barColorInherit MuiLinearProgress-bar1Indeterminate css-jlm0hp-MuiLinearProgress-bar1"
        />
        <span
          class="MuiLinearProgress-bar MuiLinearProgress-barColorInherit MuiLinearProgress-bar2Indeterminate css-1wsh2fw-MuiLinearProgress-bar2"
        />
      </span>
    </div>
  </div>
</div>
`;
