// Vitest Snapshot v1, https://vitest.dev/guide/snapshot.html

exports[`[COPONENTS]: <FinanceDisplayProfileInfo /> > to match snapshot 1`] = `<div />`;
