// Vitest Snapshot v1, https://vitest.dev/guide/snapshot.html

exports[`[COMPONENTS] <FinanceWithdrawModal/>  > to match snapshot 1`] = `
<div
  aria-hidden="true"
/>
`;
