// Vitest Snapshot v1, https://vitest.dev/guide/snapshot.html

exports[`[COMPONENTS]: CopyableText component testing > to match snapshot 1`] = `
<body>
  <div>
    <div
      class="MuiStack-root css-1d9cypr-MuiStack-root"
    >
      <p
        class="MuiTypography-root MuiTypography-body1 css-169yplb-MuiTypography-root"
      >
        Test Label
      </p>
      <button
        aria-label="Copy"
        class="MuiButtonBase-root MuiIconButton-root MuiIconButton-sizeMedium css-n2gp7e-MuiButtonBase-root-MuiIconButton-root"
        data-mui-internal-clone-element="true"
        tabindex="0"
        type="button"
      >
        <span
          data-icon="mdi:content-copy"
          data-testid="icon"
        />
        <span
          class="MuiTouchRipple-root css-8je8zh-MuiTouchRipple-root"
        />
      </button>
    </div>
  </div>
</body>
`;
