// Vitest Snapshot v1, https://vitest.dev/guide/snapshot.html

exports[`Modal component testing > to match snapshot 1`] = `<DocumentFragment />`;
