// Vitest Snapshot v1, https://vitest.dev/guide/snapshot.html

exports[`[UTILS]: fNumber > matches snapshot for different inputs 1`] = `
[
  "1,000",
  "2,500",
  "-350",
  "0",
  "0",
]
`;
